keymaps 0-2,4-6,8-9,12
keycode   1 = Escape          
	alt	keycode   1 = Meta_Escape     
	shift	alt	keycode   1 = Meta_Escape     
	control	alt	keycode   1 = Meta_Escape     
keycode   2 = ampersand        nine
keycode   3 = bracketleft      seven
keycode   4 = braceleft        five
keycode   5 = parenleft        three
keycode   6 = plus             one
keycode   7 = equal            percent
keycode   8 = asterisk         zero
keycode   9 = parenright       two
keycode  10 = braceright       four
keycode  11 = bracketright     six
keycode  12 = exclam           eight
keycode  13 = numbersign       grave
keycode  14 = Delete

keycode  15 = Tab
keycode  16 = semicolon        colon
keycode  17 = comma            less
keycode  18 = period           greater
keycode  19 = p
keycode  20 = y
keycode  21 = f
keycode  22 = g
keycode  23 = c
keycode  24 = r
keycode  25 = l
keycode  26 = slash            question
keycode  27 = backslash        bar
keycode  28 = Return
keycode  29 = Control


keycode  30 = a
keycode  31 = o
keycode  32 = e
keycode  33 = u
keycode  34 = i
keycode  35 = d
keycode  36 = h
keycode  37 = t
keycode  38 = n
keycode  39 = s
keycode  40 = minus            underscore
keycode  41 = dollar           asciitilde
keycode  42 = Shift           
keycode  43 = at               asciicircum

keycode  44 = apostrophe       quotedbl        
keycode  45 = q               
keycode  46 = j
keycode  47 = k               
keycode  48 = x               
keycode  49 = b               
keycode  50 = m               
keycode  51 = w     
keycode  52 = v  
keycode  53 = z               
keycode  54 = Shift           

keycode  55 = KP_Multiply     
keycode  56 = Alt             
keycode  57 = space           
keycode  58 = Return
keycode  59 = F1               F13              F41              F25              F31              F61              Console_1        Console_11       Console_1       
keycode  60 = F2               F14              F42              F26              F32              F62              Console_2        Console_12       Console_2       
keycode  61 = F3               F15              F43              F27              F33              F63              Console_3        Console_13       Console_3       
keycode  62 = F4               F16              F44              F28              F34              F64              Console_4        Console_14       Console_4       
keycode  63 = F5               F17              F45              F29              F35              F65              Console_5        Console_15       Console_5       
keycode  64 = F6               F18              F46              F30              F36              F66              Console_6        Console_16       Console_6       
keycode  65 = F7               F19              F47              F31              F37              F67              Console_7        Console_17       Console_7       
keycode  66 = F8               F20              F48              F32              F38              F68              Console_8        Console_18       Console_8       
keycode  67 = F9               F21              F49              F33              F39              F69              Console_9        Console_19       Console_9       
keycode  68 = F10              F22              F50              F34              F40              F70              Console_10       Console_20       Console_10      
keycode  69 = Num_Lock        
keycode  70 = Scroll_Lock     
keycode  71 = KP_7            
keycode  72 = KP_8            
keycode  73 = KP_9            
keycode  74 = KP_Subtract     
keycode  75 = KP_4            
keycode  76 = KP_5            
keycode  77 = KP_6            
keycode  78 = KP_Add          
keycode  79 = KP_1            
keycode  80 = KP_2            
keycode  81 = KP_3            
keycode  82 = KP_0            
keycode  83 = KP_Period       
keycode  84 = Last_Console    
keycode  85 =
keycode  86 = less             greater          bar             
keycode  87 = F11              F23              F51              F35              F41              F71              Console_11       Console_21       Console_11      
keycode  88 = F12              F24              F52              F36              F42              F72              Console_12       Console_22       Console_12      
keycode  89 =
keycode  90 =
keycode  91 =
keycode  92 =
keycode  93 =
keycode  94 =
keycode  95 =
keycode  96 = KP_Enter        
keycode  97 = Control         
keycode  98 = KP_Divide       
keycode  99 = Compose         
keycode 100 = AltGr           
keycode 101 = Break           
keycode 102 = Find            
keycode 103 = Up              
keycode 104 = Prior           
keycode 105 = Left            
keycode 106 = Right           
keycode 107 = Select          
keycode 108 = Down            
keycode 109 = Next            
keycode 110 = Insert          
keycode 111 = Remove          
keycode 112 = Macro           
keycode 113 = F13             
keycode 114 = F14             
keycode 115 = Help            
keycode 116 = Do              
keycode 117 = F17             
keycode 118 = KP_MinPlus      
keycode 119 = Pause           
keycode 120 =
keycode 121 =
keycode 122 =
keycode 123 =
keycode 124 =
keycode 125 = Alt             
keycode 126 = Alt             
keycode 127 =
